
> tasktornado@0.1.0 build
> next build --no-lint

 ⚠ Linting is disabled.
 ⚠ Warning: Found multiple lockfiles. Selecting /Users/aadikalra/Desktop/Coding new/Personal Projects/SchoolOrganizer/school-organizer/package-lock.json.
   Consider removing the lockfiles at:
   * /Users/aadikalra/Desktop/Coding new/Personal Projects/SchoolOrganizer/school-organizer/school-organizer/package-lock.json

   ▲ Next.js 15.4.8
   - Environments: .env.local, .env
   - Experiments (use with caution):
     ✓ optimizeCss
     · optimizePackageImports

   Creating an optimized production build ...
 ✓ Compiled successfully in 10.0s
   Checking validity of types ...
Failed to compile.

./components/glass-icons/IconBlog.tsx:13:1330
Type error: Type '{ d: string; fill: string; dataglass: string; }' is not assignable to type 'SVGProps<SVGPathElement>'.
  Property 'dataglass' does not exist on type 'SVGProps<SVGPathElement>'.

[0m [90m 11 |[39m                 [33m<[39m[33mpath[39m d[33m=[39m[32m"M2 8.4C2 6.15979 2 5.03969 2.43597 4.18404C2.81947 3.43139 3.43139 2.81947 4.18404 2.43597C5.03969 2 6.15979 2 8.4 2H15.6C17.8402 2 18.9603 2 19.816 2.43597C20.5686 2.81947 21.1805 3.43139 21.564 4.18404C22 5.03969 22 6.15979 22 8.4V15.6C22 17.8402 22 18.9603 21.564 19.816C21.1805 20.5686 20.5686 21.1805 19.816 21.564C18.9603 22 17.8402 22 15.6 22H8.4C6.15979 22 5.03969 22 4.18404 21.564C3.43139 21.1805 2.81947 20.5686 2.43597 19.816C2 18.9603 2 17.8402 2 15.6V8.4Z"[39m fill[33m=[39m[32m"url(#gnk1iz86onh-1760519092855-6294272_feather-shape_existing_0_2m3xw4ccc)"[39m data[33m-[39mglass[33m=[39m[32m"origin"[39m mask[33m=[39m[32m"url(#gnk1iz86onh-1760519092855-6294272_feather-shape_mask_581ctbogg)"[39m[33m>[39m[33m<[39m[33m/[39m[33mpath[39m[33m>[39m
 [90m 12 |[39m                 [33m<[39m[33mpath[39m d[33m=[39m[32m"M2 8.4C2 6.15979 2 5.03969 2.43597 4.18404C2.81947 3.43139 3.43139 2.81947 4.18404 2.43597C5.03969 2 6.15979 2 8.4 2H15.6C17.8402 2 18.9603 2 19.816 2.43597C20.5686 2.81947 21.1805 3.43139 21.564 4.18404C22 5.03969 22 6.15979 22 8.4V15.6C22 17.8402 22 18.9603 21.564 19.816C21.1805 20.5686 20.5686 21.1805 19.816 21.564C18.9603 22 17.8402 22 15.6 22H8.4C6.15979 22 5.03969 22 4.18404 21.564C3.43139 21.1805 2.81947 20.5686 2.43597 19.816C2 18.9603 2 17.8402 2 15.6V8.4Z"[39m fill[33m=[39m[32m"url(#gnk1iz86onh-1760519092855-6294272_feather-shape_existing_0_2m3xw4ccc)"[39m data[33m-[39mglass[33m=[39m[32m"clone"[39m filter[33m=[39m[32m"url(#gnk1iz86onh-1760519092855-6294272_feather-shape_filter_ak9c41fxp)"[39m clipPath[33m=[39m[32m"url(#gnk1iz86onh-1760519092855-6294272_feather-shape_clipPath_o65yf4wlb)"[39m[33m>[39m[33m<[39m[33m/[39m[33mpath[39m[33m>[39m
[31m[1m>[22m[39m[90m 13 |[39m                 [33m<[39m[33mpath[39m d[33m=[39m[32m"M22.0062 1.0033C22.5024 0.959175 22.9523 1.31547 22.9964 1.79333C23.0134 1.97747 22.9666 2.15227 22.8763 2.30115C22.5267 2.88177 22.3725 3.85682 22.2093 4.89197L22.2064 4.91443C22.1028 5.5769 21.9949 6.26314 21.8255 6.97205C21.0147 9.93045 17.9875 9.73347 15.3255 9.09314C15.3255 9.09314 16.2244 11.4327 19.6742 10.8158C19.1635 11.8869 18.4324 12.5156 17.9808 12.8295C16.8596 13.6079 15.3689 14.0003 13.5326 14.0004C12.6504 14.0003 11.6884 13.9095 10.6478 13.7289C10.5949 13.7202 9.75891 13.5576 8.85385 13.2025C8.39346 14.476 8.10208 15.7864 7.99741 17.0804C7.95275 17.6307 7.46954 18.0408 6.91928 17.9965C6.36915 17.9517 5.95901 17.4695 6.00327 16.9193C6.1502 15.1027 6.61775 13.2767 7.35971 11.5443C7.36095 11.5414 7.36234 11.5385 7.36362 11.5355C7.36538 11.5314 7.36673 11.5269 7.3685 11.5228C7.40519 11.4375 7.44376 11.3528 7.48178 11.2679C7.50967 11.2059 7.5369 11.143 7.56577 11.0804C7.60801 10.9889 7.65187 10.898 7.69565 10.807C7.73355 10.7279 7.77237 10.6485 7.81186 10.5687C7.84317 10.506 7.87356 10.4427 7.90561 10.3802C9.13531 7.95938 11.106 5.28756 14.2347 3.40271C15.9313 2.34603 17.8451 1.59438 19.932 1.27283C19.9689 1.26716 20.0058 1.26462 20.0423 1.26306C20.6693 1.1503 21.3231 1.06011 22.0062 1.0033Z"[39m fill[33m=[39m[32m"url(#gnk1iz86onh-1760519092855-6294272_feather-shape_existing_1_l1vtmy8ey)"[39m dataglass[33m=[39m[32m"blur"[39m[33m>[39m[33m<[39m[33m/[39m[33mpath[39m[33m>[39m
 [90m    |[39m                                                                                                                                                                                                                                                                                                                                                                                                                                                                                                                                                                                                                                                                                                                                                                                                                                                                                                                                                                                                                                                                                                                                                                                                                                                                                                                                                                                  [31m[1m^[22m[39m
 [90m 14 |[39m                 [33m<[39m[33mpath[39m d[33m=[39m[32m"M22.0059 1.00394C22.5019 0.959835 22.9518 1.31535 22.9961 1.79301C23.0131 1.97717 22.9663 2.1529 22.876 2.3018C22.5265 2.88249 22.3731 3.85775 22.21 4.89262L22.2061 4.91508C22.1025 5.5775 21.9946 6.26385 21.8252 6.97269L21.7432 7.24027C20.8261 9.91815 17.9041 9.71414 15.3252 9.09379C15.3296 9.10525 16.2331 11.4312 19.6748 10.8155C19.1642 11.8869 18.4322 12.5152 17.9805 12.8291C16.8594 13.6075 15.3694 13.9999 13.5332 14V13.25C15.2684 13.2499 16.5939 12.8786 17.5527 12.2129C17.7291 12.0903 17.9571 11.9076 18.1963 11.6563C17.1237 11.5872 16.323 11.225 15.7471 10.7793C15.3417 10.4657 15.0679 10.1268 14.8936 9.86234C14.8062 9.72979 14.7434 9.61389 14.7002 9.52738C14.6786 9.48414 14.6616 9.44785 14.6494 9.41996C14.6434 9.40607 14.6377 9.39441 14.6338 9.3848C14.6319 9.38005 14.6304 9.37575 14.6289 9.37211C14.6282 9.37038 14.6275 9.3687 14.627 9.36722L14.626 9.3643V9.36332C14.6293 9.36155 14.6764 9.34313 15.3252 9.09379L14.625 9.36234L14.1133 8.03031L15.501 8.3643C16.8119 8.67963 18.0993 8.85387 19.1211 8.6475C19.6184 8.54706 20.0262 8.36094 20.3457 8.07914C20.6584 7.80329 20.9271 7.39999 21.0967 6.79301C21.2575 6.11896 21.3611 5.46269 21.4649 4.79887L21.4658 4.79789L21.4688 4.77543C21.5493 4.26438 21.6327 3.73403 21.7422 3.25785C21.85 2.78939 21.9966 2.30741 22.2334 1.9141L22.2354 1.91215C22.2427 1.89992 22.2463 1.88926 22.2481 1.88187C22.2497 1.8751 22.2506 1.86899 22.25 1.86234C22.2484 1.8447 22.2384 1.81741 22.2041 1.79008C22.1691 1.76224 22.1216 1.74662 22.0723 1.75101H22.0684C13.6578 2.45045 9.80558 7.78109 8.05177 11.833C8.01269 11.9233 8.0473 12.056 8.18068 12.1123L8.94142 12.4317L8.9424 12.4327C9.39 12.6214 9.8403 12.7598 10.1885 12.8526C10.3638 12.8993 10.509 12.9329 10.6104 12.9551L10.7695 12.9883L10.7764 12.9893C11.7829 13.164 12.7015 13.25 13.5332 13.25V14L13.1983 13.9961C12.4088 13.9763 11.5581 13.8866 10.6475 13.7286C10.5867 13.7185 9.62694 13.535 8.65041 13.1231L7.89064 12.8037C7.42515 12.608 7.18074 12.0991 7.32814 11.6289L7.3633 11.5352C9.15402 7.39786 13.098 1.90833 21.5977 1.04105L22.0059 1.00394Z"[39m fill[33m=[39m[32m"url(#gnk1iz86onh-1760519092855-6294272_feather-shape_existing_2_qvjtqnfpo)"[39m[33m>[39m[33m<[39m[33m/[39m[33mpath[39m[33m>[39m
 [90m 15 |[39m                 [33m<[39m[33mdefs[39m[33m>[39m
 [90m 16 |[39m                     [33m<[39m[33mlinearGradient[39m id[33m=[39m[32m"gnk1iz86onh-1760519092855-6294272_feather-shape_existing_0_2m3xw4ccc"[39m x1[33m=[39m[32m"12"[39m y1[33m=[39m[32m"2"[39m x2[33m=[39m[32m"12"[39m y2[33m=[39m[32m"22"[39m gradientUnits[33m=[39m[32m"userSpaceOnUse"[39m[33m>[39m[0m
Next.js build worker exited with code: 1 and signal: null
